Testing with parameters: n_threads=2, n_iters=50000
Starting 2 threads ... 
Done
Joining 2 threads ... 
Done
Checking test invariant ... 
Done
OK
Testing with parameters: n_threads=2, n_iters=50000
Starting 2 threads ... 
Done
Joining 2 threads ... 
Done
Checking test invariant ... 
Done
OK
Testing with parameters: n_threads=2, n_iters=50000
Starting 2 threads ... 
Done
Joining 2 threads ... 
Done
Checking test invariant ... 
Done
OK
