Testing with parameters: n_threads=5, n_iters=20000
Starting 5 threads ... 
Done
Joining 5 threads ... 
Done
Checking test invariant ... 
Done
OK
Testing with parameters: n_threads=5, n_iters=20000
Starting 5 threads ... 
Done
Joining 5 threads ... 
Done
Checking test invariant ... 
Done
OK
Testing with parameters: n_threads=5, n_iters=20000
Starting 5 threads ... 
Done
Joining 5 threads ... 
Done
Checking test invariant ... 
Done
OK
