Testing with parameters: n_threads=20, n_iters=5000
Starting 20 threads ... 
Done
Joining 20 threads ... 
Done
Checking test invariant ... 
Done
OK
Testing with parameters: n_threads=20, n_iters=5000
Starting 20 threads ... 
Done
Joining 20 threads ... 
Done
Checking test invariant ... 
Done
OK
Testing with parameters: n_threads=20, n_iters=5000
Starting 20 threads ... 
Done
Joining 20 threads ... 
Done
Checking test invariant ... 
Done
OK
