Testing with parameters: n_threads=25, n_iters=5000
Starting 25 threads ... 
Done
Joining 25 threads ... 
Done
Checking test invariant ... 
Done
OK
Testing with parameters: n_threads=25, n_iters=5000
Starting 25 threads ... 
Done
Joining 25 threads ... 
Done
Checking test invariant ... 
Done
OK
Testing with parameters: n_threads=25, n_iters=5000
Starting 25 threads ... 
Done
Joining 25 threads ... 
Done
Checking test invariant ... 
Done
OK
