Testing with parameters: n_threads=1, n_iters=500000, n_shareds=1
Starting 1 threads ... 
Done
Joining 1 threads ... 
Done
Checking test invariant ... 
Done
OK
Testing with parameters: n_threads=1, n_iters=500000, n_shareds=1
Starting 1 threads ... 
Done
Joining 1 threads ... 
Done
Checking test invariant ... 
Done
OK
Testing with parameters: n_threads=1, n_iters=500000, n_shareds=1
Starting 1 threads ... 
Done
Joining 1 threads ... 
Done
Checking test invariant ... 
Done
OK
