Testing with parameters: n_threads=3, n_iters=330000, n_shareds=1
Starting 3 threads ... 
Done
Joining 3 threads ... 
Done
Checking test invariant ... 
Done
OK
Testing with parameters: n_threads=3, n_iters=330000, n_shareds=1
Starting 3 threads ... 
Done
Joining 3 threads ... 
Done
Checking test invariant ... 
Done
OK
Testing with parameters: n_threads=3, n_iters=330000, n_shareds=1
Starting 3 threads ... 
Done
Joining 3 threads ... 
Done
Checking test invariant ... 
Done
OK
