Testing with parameters: n_threads=4, n_iters=250000, n_shareds=0
Starting 4 threads ... 
Done
Joining 4 threads ... 
Done
Checking test invariant ... 
Done
OK
Testing with parameters: n_threads=4, n_iters=250000, n_shareds=0
Starting 4 threads ... 
Done
Joining 4 threads ... 
Done
Checking test invariant ... 
Done
OK
Testing with parameters: n_threads=4, n_iters=250000, n_shareds=0
Starting 4 threads ... 
Done
Joining 4 threads ... 
Done
Checking test invariant ... 
Done
OK
