Testing with parameters: n_threads=4, n_iters=25000, n_shareds=10
Starting 4 threads ... 
Done
Joining 4 threads ... 
Done
Checking test invariant ... 
Done
OK
Testing with parameters: n_threads=4, n_iters=25000, n_shareds=10
Starting 4 threads ... 
Done
Joining 4 threads ... 
Done
Checking test invariant ... 
Done
OK
Testing with parameters: n_threads=4, n_iters=25000, n_shareds=10
Starting 4 threads ... 
Done
Joining 4 threads ... 
Done
Checking test invariant ... 
Done
OK
