Testing with parameters: n_threads=5, n_iters=200000, n_shareds=0
Starting 5 threads ... 
Done
Joining 5 threads ... 
Done
Checking test invariant ... 
Done
OK
Testing with parameters: n_threads=5, n_iters=200000, n_shareds=0
Starting 5 threads ... 
Done
Joining 5 threads ... 
Done
Checking test invariant ... 
Done
OK
Testing with parameters: n_threads=5, n_iters=200000, n_shareds=0
Starting 5 threads ... 
Done
Joining 5 threads ... 
Done
Checking test invariant ... 
Done
OK
