Testing with parameters: n_threads=5, n_iters=20000, n_shareds=10
Starting 5 threads ... 
Done
Joining 5 threads ... 
Done
Checking test invariant ... 
Done
OK
Testing with parameters: n_threads=5, n_iters=20000, n_shareds=10
Starting 5 threads ... 
Done
Joining 5 threads ... 
Done
Checking test invariant ... 
Done
OK
Testing with parameters: n_threads=5, n_iters=20000, n_shareds=10
Starting 5 threads ... 
Done
Joining 5 threads ... 
Done
Checking test invariant ... 
Done
OK
