Testing with parameters: n_threads=10, n_iters=100000, n_shareds=0
Starting 10 threads ... 
Done
Joining 10 threads ... 
Done
Checking test invariant ... 
Done
OK
Testing with parameters: n_threads=10, n_iters=100000, n_shareds=0
Starting 10 threads ... 
Done
Joining 10 threads ... 
Done
Checking test invariant ... 
Done
OK
Testing with parameters: n_threads=10, n_iters=100000, n_shareds=0
Starting 10 threads ... 
Done
Joining 10 threads ... 
Done
Checking test invariant ... 
Done
OK
