Testing with parameters: n_threads=10, n_iters=50000, n_shareds=1
Starting 10 threads ... 
Done
Joining 10 threads ... 
Done
Checking test invariant ... 
Done
OK
Testing with parameters: n_threads=10, n_iters=50000, n_shareds=1
Starting 10 threads ... 
Done
Joining 10 threads ... 
Done
Checking test invariant ... 
Done
OK
Testing with parameters: n_threads=10, n_iters=50000, n_shareds=1
Starting 10 threads ... 
Done
Joining 10 threads ... 
Done
Checking test invariant ... 
Done
OK
