Starting 2 threads ... 
foot 0
foot 1
foot 0
foot 1
foot 0
foot 1
foot 0
foot 1
foot 0
foot 1
foot 0
foot 1
foot 0
foot 1
foot 0
foot 1
foot 0
foot 1
foot 0
foot 1
Joined 2 threads ... 
Starting 2 threads ... 
foot 0
foot 1
foot 0
foot 1
foot 0
foot 1
foot 0
foot 1
foot 0
foot 1
foot 0
foot 1
foot 0
foot 1
foot 0
foot 1
foot 0
foot 1
foot 0
foot 1
Joined 2 threads ... 
Starting 2 threads ... 
foot 0
foot 1
foot 0
foot 1
foot 0
foot 1
foot 0
foot 1
foot 0
foot 1
foot 0
foot 1
foot 0
foot 1
foot 0
foot 1
foot 0
foot 1
foot 0
foot 1
Joined 2 threads ... 
