Testing with parameters: queue_capacity=1, n_readers=1, n_writers=1, n_items=10
Preparing writers ... 
Preparing readers ... 
Starting test ... 
Done
Shutting queue ... 
Done
Shutted queue ... 
Done
Joining writers ... 
Done
Joining readers ... 
Done
OK
Testing with parameters: queue_capacity=1, n_readers=1, n_writers=1, n_items=10
Preparing writers ... 
Preparing readers ... 
Starting test ... 
Done
Shutting queue ... 
Done
Shutted queue ... 
Done
Joining writers ... 
Done
Joining readers ... 
Done
OK
Testing with parameters: queue_capacity=1, n_readers=1, n_writers=1, n_items=10
Preparing writers ... 
Preparing readers ... 
Starting test ... 
Done
Shutting queue ... 
Done
Shutted queue ... 
Done
Joining writers ... 
Done
Joining readers ... 
Done
OK
