Testing with parameters: queue_capacity=100, n_readers=1, n_writers=3, n_items=100
Preparing writers ... 
Preparing readers ... 
Starting test ... 
Done
Shutting queue ... 
Done
Shutted queue ... 
Done
Joining writers ... 
Done
Joining readers ... 
Done
OK
Testing with parameters: queue_capacity=100, n_readers=1, n_writers=3, n_items=100
Preparing writers ... 
Preparing readers ... 
Starting test ... 
Done
Shutting queue ... 
Done
Shutted queue ... 
Done
Joining writers ... 
Done
Joining readers ... 
Done
OK
Testing with parameters: queue_capacity=100, n_readers=1, n_writers=3, n_items=100
Preparing writers ... 
Preparing readers ... 
Starting test ... 
Done
Shutting queue ... 
Done
Shutted queue ... 
Done
Joining writers ... 
Done
Joining readers ... 
Done
OK
